
> jobflow@0.1.0 build
> next build

   Γû▓ Next.js 15.0.3

   Creating an optimized production build ...
node.exe : Failed to compile.
At C:\Program Files\nodejs\npm.ps1:29 char:3
+   & $NODE_EXE $NPM_CLI_JS $args
+   ~~~~~~~~~~~~~~~~~~~~~~~~~~~~~
    + CategoryInfo          : NotSpecified: (Failed to compile.:String) [], RemoteException
    + FullyQualifiedErrorId : NativeCommandError
 

./src/app/(app)/dashboard/payments/page.tsx
Module parse failed: Identifier 'Badge' has already been declared (128:9)
File was processed with these loaders:
 * ./node_modules/next/dist/build/webpack/loaders/next-flight-client-module-loader.js
 * ./node_modules/next/dist/build/webpack/loaders/next-swc-loader.js
You may need an additional loader to handle the result of these loaders.
|     });
| }
> import { Badge } from "@/components/ui/badge";
| function Stat({ title, value }) {
|     return /*#__PURE__*/ _jsxs("div", {

Import trace for requested module:
./src/app/(app)/dashboard/payments/page.tsx


> Build failed because of webpack errors
